Microchip MPLAB XC8 Compiler V1.35 ()

Linker command line:

--edf=/opt/microchip/xc8/v1.35/dat/en_msgs.txt -cs \
  -h+dist/default/production/Sht30-1508.X.production.sym \
  --cmf=dist/default/production/Sht30-1508.X.production.cmf -z -Q16F1508 \
  -o/tmp/xcXlwbYIg -Mdist/default/production/Sht30-1508.X.production.map \
  -E1 -ver=XC8 -ASTACK=02034h-020efh -pstack=STACK -ACODE=00h-07FFhx2 \
  -ASTRCODE=00h-0FFFh -ASTRING=00h-0FFhx16 -ACONST=00h-0FFhx16 \
  -AENTRY=00h-0FFhx16 -ACOMMON=070h-07Fh -ABANK0=020h-06Fh \
  -ABANK1=0A0h-0EFh -ABANK2=0120h-016Fh -ABIGRAM=02000h-020EFh \
  -ARAM=020h-06Fh,0A0h-0EFh,0120h-016Fh \
  -AABS1=020h-07Fh,0A0h-0EFh,0120h-016Fh -ASFR0=00h-01Fh -ASFR1=080h-09Fh \
  -ASFR2=0100h-011Fh -ASFR3=0180h-01EFh -ASFR4=0200h-026Fh \
  -ASFR5=0280h-02EFh -ASFR6=0300h-036Fh -ASFR7=0380h-03EFh \
  -ASFR8=0400h-046Fh -ASFR9=0480h-04EFh -ASFR10=0500h-056Fh \
  -ASFR11=0580h-05EFh -ASFR12=0600h-066Fh -ASFR13=0680h-06EFh \
  -ASFR14=0700h-076Fh -ASFR15=0780h-07EFh -ASFR16=0800h-086Fh \
  -ASFR17=0880h-08EFh -ASFR18=0900h-096Fh -ASFR19=0980h-09EFh \
  -ASFR20=0A00h-0A6Fh -ASFR21=0A80h-0AEFh -ASFR22=0B00h-0B6Fh \
  -ASFR23=0B80h-0BEFh -ASFR24=0C00h-0C6Fh -ASFR25=0C80h-0CEFh \
  -ASFR26=0D00h-0D6Fh -ASFR27=0D80h-0DEFh -ASFR28=0E00h-0E6Fh \
  -ASFR29=0E80h-0EEFh -ASFR30=0F00h-0F6Fh -ASFR31=0F80h-0FEFh \
  -preset_vec=00h,intentry,init,end_init -ppowerup=CODE -pcinit=CODE \
  -pfunctab=CODE -ACONFIG=08007h-08008h -pconfig=CONFIG -DCONFIG=2 \
  -AIDLOC=08000h-08003h -pidloc=IDLOC -DIDLOC=2 -DCODE=2 -DSTRCODE=2 \
  -DSTRING=2 -DCONST=2 -DENTRY=2 -k /tmp/xcXv7M2VP.obj \
  dist/default/production/Sht30-1508.X.production.obj 

Object code version is 3.11

Machine type is 16F1508



                Name                               Link     Load   Length Selector   Space Scale
/tmp/xcXv7M2VP.obj
                end_init                              2        2        2        0       0
                reset_vec                             0        0        2        0       0
                config                             8007     8007        2    1000E       0
dist/default/production/Sht30-1508.X.production.obj
                cinit                               7F9      7F9        7      FF2       0
                text29                              3F0      3F0       64      7E0       0
                text28                              4DA      4DA       A9      9B4       0
                text27                              583      583       B3      B06       0
                text26                              454      454       86      8A8       0
                text25                              22F      22F       13      45E       0
                text24                              34B      34B       43      696       0
                text23                              191      191        1      322       0
                text22                              1A6      1A6        9      34C       0
                text21                              1EE      1EE       10      3DC       0
                text20                              1DF      1DF        F      3BE       0
                text19                              1C4      1C4        D      388       0
                text18                              1AF      1AF        9      35E       0
                text17                              27A      27A       23      4F4       0
                text16                              1FE      1FE       10      3FC       0
                text15                              1D1      1D1        E      3A2       0
                text14                              20E      20E       10      41C       0
                text13                              19E      19E        8      33C       0
                text12                              1B8      1B8        C      370       0
                text11                              2C1      2C1       2A      582       0
                text10                              636      636       C4      C6C       0
                text9                               192      192        6      324       0
                text8                               198      198        6      330       0
                text7                               25A      25A       20      4B4       0
                text6                               242      242       18      484       0
                text5                               317      317       34      62E       0
                text4                               2EB      2EB       2C      5D6       0
                text3                               38E      38E       62      71C       0
                text2                               29D      29D       24      53A       0
                text1                               21E      21E       11      43C       0
                maintext                            6FA      6FA       FF      DF4       0
                cstackBANK0                          20       20       30       20       1
                cstackCOMMON                         70       70        E       70       1
                bssBANK0                             50       50        4       20       1
                stringtext                          800      800       2A     1000       0

TOTAL           Name                               Link     Load   Length     Space
        CLASS   STACK          

        CLASS   CODE           
                end_init                              2        2        2         0
                cinit                               7F9      7F9        7         0
                reset_vec                             0        0        2         0
                text29                              3F0      3F0       64         0
                text28                              4DA      4DA       A9         0
                text27                              583      583       B3         0
                text26                              454      454       86         0
                text25                              22F      22F       13         0
                text24                              34B      34B       43         0
                text23                              191      191        1         0
                text22                              1A6      1A6        9         0
                text21                              1EE      1EE       10         0
                text20                              1DF      1DF        F         0
                text19                              1C4      1C4        D         0
                text18                              1AF      1AF        9         0
                text17                              27A      27A       23         0
                text16                              1FE      1FE       10         0
                text15                              1D1      1D1        E         0
                text14                              20E      20E       10         0
                text13                              19E      19E        8         0
                text12                              1B8      1B8        C         0
                text11                              2C1      2C1       2A         0
                text10                              636      636       C4         0
                text9                               192      192        6         0
                text8                               198      198        6         0
                text7                               25A      25A       20         0
                text6                               242      242       18         0
                text5                               317      317       34         0
                text4                               2EB      2EB       2C         0
                text3                               38E      38E       62         0
                text2                               29D      29D       24         0
                text1                               21E      21E       11         0
                maintext                            6FA      6FA       FF         0

        CLASS   STRCODE        
                stringtext                          800      800       2A         0

        CLASS   STRING         

        CLASS   CONST          

        CLASS   ENTRY          

        CLASS   COMMON         
                cstackCOMMON                         70       70        E         1

        CLASS   BANK0          
                cstackBANK0                          20       20       30         1
                bssBANK0                             50       50        4         1

        CLASS   BANK1          

        CLASS   BANK2          

        CLASS   BIGRAM         

        CLASS   RAM            

        CLASS   ABS1           
                abs_s1                               7E       7E        2         1

        CLASS   SFR0           

        CLASS   SFR1           

        CLASS   SFR2           

        CLASS   SFR3           

        CLASS   SFR4           

        CLASS   SFR5           

        CLASS   SFR6           

        CLASS   SFR7           

        CLASS   SFR8           

        CLASS   SFR9           

        CLASS   SFR10          

        CLASS   SFR11          

        CLASS   SFR12          

        CLASS   SFR13          

        CLASS   SFR14          

        CLASS   SFR15          

        CLASS   SFR16          

        CLASS   SFR17          

        CLASS   SFR18          

        CLASS   SFR19          

        CLASS   SFR20          

        CLASS   SFR21          

        CLASS   SFR22          

        CLASS   SFR23          

        CLASS   SFR24          

        CLASS   SFR25          

        CLASS   SFR26          

        CLASS   SFR27          

        CLASS   SFR28          

        CLASS   SFR29          

        CLASS   SFR30          

        CLASS   SFR31          

        CLASS   CONFIG         
                config                             8007     8007        2         0

        CLASS   IDLOC          

        CLASS   BANK31         

        CLASS   BANK30         

        CLASS   BANK29         

        CLASS   BANK28         

        CLASS   BANK27         

        CLASS   BANK26         

        CLASS   BANK25         

        CLASS   BANK24         

        CLASS   BANK23         

        CLASS   BANK22         

        CLASS   BANK21         

        CLASS   BANK20         

        CLASS   BANK19         

        CLASS   BANK18         

        CLASS   BANK17         

        CLASS   BANK16         

        CLASS   BANK15         

        CLASS   BANK14         

        CLASS   BANK13         

        CLASS   BANK12         

        CLASS   BANK11         

        CLASS   BANK10         

        CLASS   BANK9          

        CLASS   BANK8          

        CLASS   BANK7          

        CLASS   BANK6          

        CLASS   BANK5          

        CLASS   BANK4          

        CLASS   BANK3          

        CLASS   EEDATA         



SEGMENTS        Name                           Load    Length   Top    Selector   Space  Class     Delta

                reset_vec                      000000  000004  000004         0       0  CODE        2
                cstackBANK0                    000020  000034  000054        20       1  BANK0       1
                cstackCOMMON                   000070  00000E  00007E        70       1  COMMON      1
                text23                         000191  000001  000192       322       0  CODE        2
                text9                          000192  000006  000198       324       0  CODE        2
                text8                          000198  000006  00019E       330       0  CODE        2
                text13                         00019E  000008  0001A6       33C       0  CODE        2
                text22                         0001A6  000009  0001AF       34C       0  CODE        2
                text18                         0001AF  000009  0001B8       35E       0  CODE        2
                text12                         0001B8  00000C  0001C4       370       0  CODE        2
                text19                         0001C4  00000D  0001D1       388       0  CODE        2
                text15                         0001D1  00000E  0001DF       3A2       0  CODE        2
                text20                         0001DF  00000F  0001EE       3BE       0  CODE        2
                text21                         0001EE  000010  0001FE       3DC       0  CODE        2
                text16                         0001FE  000010  00020E       3FC       0  CODE        2
                text14                         00020E  000010  00021E       41C       0  CODE        2
                text1                          00021E  000011  00022F       43C       0  CODE        2
                text25                         00022F  000013  000242       45E       0  CODE        2
                text6                          000242  000018  00025A       484       0  CODE        2
                text7                          00025A  000020  00027A       4B4       0  CODE        2
                text17                         00027A  000023  00029D       4F4       0  CODE        2
                text2                          00029D  000024  0002C1       53A       0  CODE        2
                text11                         0002C1  00002A  0002EB       582       0  CODE        2
                text4                          0002EB  00002C  000317       5D6       0  CODE        2
                text5                          000317  000034  00034B       62E       0  CODE        2
                text24                         00034B  000043  00038E       696       0  CODE        2
                text3                          00038E  000062  0003F0       71C       0  CODE        2
                text29                         0003F0  000064  000454       7E0       0  CODE        2
                text26                         000454  000086  0004DA       8A8       0  CODE        2
                text28                         0004DA  0000A9  000583       9B4       0  CODE        2
                text27                         000583  0000B3  000636       B06       0  CODE        2
                text10                         000636  0000C4  0006FA       C6C       0  CODE        2
                maintext                       0006FA  0000FF  0007F9       DF4       0  CODE        2
                cinit                          0007F9  000007  000800       FF2       0  CODE        2
                stringtext                     000800  00002A  00082A      1000       0  STRCODE     2
                config                         008007  000002  008009     1000E       0  CONFIG      2


UNUSED ADDRESS RANGES

        Name                Unused          Largest block    Delta
        BANK0            00054-0006F              1C           1
        BANK1            000A0-000EF              50           1
        BANK2            00120-0016F              50           1
        BIGRAM           02000-020EF              F0           1
        CODE             00004-00190             18D           2
                         0082A-00FFF             7D6
        CONST            00004-00190              FC           2
                         0082A-00FFF             100
        ENTRY            00004-00190              FC           2
                         0082A-00FFF             100
        IDLOC            08000-08003               4           2
        RAM              00054-0006F              1C           1
                         000A0-000EF              50
                         00120-0016F              50
        SFR0             00000-0001F              20           1
        SFR1             00080-0009F              20           1
        SFR10            00500-0056F              70           1
        SFR11            00580-005EF              70           1
        SFR12            00600-0066F              70           1
        SFR13            00680-006EF              70           1
        SFR14            00700-0076F              70           1
        SFR15            00780-007EF              70           1
        SFR16            00800-0086F              70           1
        SFR17            00880-008EF              70           1
        SFR18            00900-0096F              70           1
        SFR19            00980-009EF              70           1
        SFR2             00100-0011F              20           1
        SFR20            00A00-00A6F              70           1
        SFR21            00A80-00AEF              70           1
        SFR22            00B00-00B6F              70           1
        SFR23            00B80-00BEF              70           1
        SFR24            00C00-00C6F              70           1
        SFR25            00C80-00CEF              70           1
        SFR26            00D00-00D6F              70           1
        SFR27            00D80-00DEF              70           1
        SFR28            00E00-00E6F              70           1
        SFR29            00E80-00EEF              70           1
        SFR3             00180-001EF              70           1
        SFR30            00F00-00F6F              70           1
        SFR31            00F80-00FEF              70           1
        SFR4             00200-0026F              70           1
        SFR5             00280-002EF              70           1
        SFR6             00300-0036F              70           1
        SFR7             00380-003EF              70           1
        SFR8             00400-0046F              70           1
        SFR9             00480-004EF              70           1
        STACK            02034-020EF              BC           1
        STRCODE          00004-00190             18D           2
                         0082A-00FFF             7D6
        STRING           00004-00190              FC           2
                         0082A-00FFF             100

                                  Symbol Table

?_CalcHumid                 cstackBANK0  00030
?_CalcTemp                  cstackCOMMON 00070
?_GetReading                cstackCOMMON 00076
?___ftdiv                   cstackBANK0  00020
?___ftmul                   cstackCOMMON 00078
?___ftpack                  cstackCOMMON 00070
?___fttol                   cstackCOMMON 00070
?___lwdiv                   cstackCOMMON 00070
?___lwmod                   cstackCOMMON 00070
?___lwtoft                  cstackCOMMON 00078
CalcHumid@ans               cstackBANK0  00032
CalcHumid@rcv_val           cstackBANK0  00030
CalcTemp@rcv_val            cstackCOMMON 00070
GetReading@bh               cstackBANK0  00025
GetReading@bl               cstackBANK0  00026
GetReading@crc_gen          cstackBANK0  00027
GetReading@local            cstackBANK0  00028
I2C_Cmd@b1                  cstackCOMMON 00075
I2C_Cmd@b2                  cstackCOMMON 00072
I2C_check_idle@byte1        cstackCOMMON 00071
I2C_check_idle@byte2        cstackCOMMON 00072
RX_I2C_Data@byt             cstackCOMMON 00071
Send_I2C_Data@databyte      cstackCOMMON 00070
UART_String@i               cstackCOMMON 00076
UART_String@letters         cstackCOMMON 00072
_ANSELA                     (abs)        0018C
_ANSELB                     (abs)        0018D
_ANSELC                     (abs)        0018E
_BF                         (abs)        010A0
_CalcHumid                  text24       0034B
_CalcTemp                   text23       00191
_CommandB1                  stringtext   00800
_CommandB2                  stringtext   00801
_GetReading                 text10       00636
_GetStatus                  (abs)        00000
_I2C_ACK                    text22       001A6
_I2C_Cmd                    text17       0027A
_I2C_Control_Read           text16       001FE
_I2C_Control_Write          text21       001EE
_I2C_Init                   text9        00192
_I2C_NAK                    text15       001D1
_I2C_Start_Bit              text20       001DF
_I2C_Stop_Bit               text19       001C4
_I2C_check_idle             text14       0020E
_I2C_restart                text13       0019E
_INTCONbits                 (abs)        0000B
_LATCbits                   (abs)        0010E
_OPTION_REGbits             (abs)        00095
_OSCCONbits                 (abs)        00099
_PIE1bits                   (abs)        00091
_PIR1bits                   (abs)        00011
_RCEN                       (abs)        010B3
_RCSTAbits                  (abs)        0019D
_RSEN                       (abs)        010B1
_RX_I2C_Data                text12       001B8
_SPBRGH                     (abs)        0019C
_SPBRGL                     (abs)        0019B
_SSP1ADD                    (abs)        00212
_SSP1BUF                    (abs)        00211
_SSP1CON2bits               (abs)        00216
_SSPADD                     (abs)        00212
_SSPBUF                     (abs)        00211
_SSPCON2                    (abs)        00216
_SSPCON2bits                (abs)        00216
_SSPCONbits                 (abs)        00215
_SSPSTAT                    (abs)        00214
_Send_I2C_Data              text18       001AF
_TRISAbits                  (abs)        0008C
_TRISBbits                  (abs)        0008D
_TRISCbits                  (abs)        0008E
_TXREG                      (abs)        0019A
_TXSTAbits                  (abs)        0019E
_UART_String                text7        0025A
__CFG_BOREN$ON              (abs)        00000
__CFG_BORV$LO               (abs)        00000
__CFG_CLKOUTEN$OFF          (abs)        00000
__CFG_CP$OFF                (abs)        00000
__CFG_FCMEN$ON              (abs)        00000
__CFG_FOSC$INTOSC           (abs)        00000
__CFG_IESO$ON               (abs)        00000
__CFG_LPBOR$ON              (abs)        00000
__CFG_LVP$ON                (abs)        00000
__CFG_MCLRE$ON              (abs)        00000
__CFG_PWRTE$OFF             (abs)        00000
__CFG_STVREN$ON             (abs)        00000
__CFG_WDTE$OFF              (abs)        00000
__CFG_WRT$OFF               (abs)        00000
__Habs1                     abs1         00000
__Hbank0                    bank0        00000
__Hbank1                    bank1        00000
__Hbank10                   bank10       00000
__Hbank11                   bank11       00000
__Hbank12                   bank12       00000
__Hbank13                   bank13       00000
__Hbank14                   bank14       00000
__Hbank15                   bank15       00000
__Hbank16                   bank16       00000
__Hbank17                   bank17       00000
__Hbank18                   bank18       00000
__Hbank19                   bank19       00000
__Hbank2                    bank2        00000
__Hbank20                   bank20       00000
__Hbank21                   bank21       00000
__Hbank22                   bank22       00000
__Hbank23                   bank23       00000
__Hbank24                   bank24       00000
__Hbank25                   bank25       00000
__Hbank26                   bank26       00000
__Hbank27                   bank27       00000
__Hbank28                   bank28       00000
__Hbank29                   bank29       00000
__Hbank3                    bank3        00000
__Hbank30                   bank30       00000
__Hbank31                   bank31       00000
__Hbank4                    bank4        00000
__Hbank5                    bank5        00000
__Hbank6                    bank6        00000
__Hbank7                    bank7        00000
__Hbank8                    bank8        00000
__Hbank9                    bank9        00000
__Hbigram                   bigram       00000
__HbssBANK0                 bssBANK0     00000
__Hcinit                    cinit        00800
__Hclrtext                  clrtext      00000
__Hcode                     code         00000
__Hcommon                   common       00000
__Hconfig                   config       08009
__HcstackBANK0              cstackBANK0  00000
__HcstackCOMMON             cstackCOMMON 00000
__Heeprom_data              eeprom_data  00000
__Hend_init                 end_init     00004
__Hfunctab                  functab      00000
__Hidloc                    idloc        00000
__Hinit                     init         00002
__Hintentry                 intentry     00002
__Hmaintext                 maintext     00000
__Hpowerup                  powerup      00000
__Hram                      ram          00000
__Hreset_vec                reset_vec    00002
__Hsfr0                     sfr0         00000
__Hsfr1                     sfr1         00000
__Hsfr10                    sfr10        00000
__Hsfr11                    sfr11        00000
__Hsfr12                    sfr12        00000
__Hsfr13                    sfr13        00000
__Hsfr14                    sfr14        00000
__Hsfr15                    sfr15        00000
__Hsfr16                    sfr16        00000
__Hsfr17                    sfr17        00000
__Hsfr18                    sfr18        00000
__Hsfr19                    sfr19        00000
__Hsfr2                     sfr2         00000
__Hsfr20                    sfr20        00000
__Hsfr21                    sfr21        00000
__Hsfr22                    sfr22        00000
__Hsfr23                    sfr23        00000
__Hsfr24                    sfr24        00000
__Hsfr25                    sfr25        00000
__Hsfr26                    sfr26        00000
__Hsfr27                    sfr27        00000
__Hsfr28                    sfr28        00000
__Hsfr29                    sfr29        00000
__Hsfr3                     sfr3         00000
__Hsfr30                    sfr30        00000
__Hsfr31                    sfr31        00000
__Hsfr4                     sfr4         00000
__Hsfr5                     sfr5         00000
__Hsfr6                     sfr6         00000
__Hsfr7                     sfr7         00000
__Hsfr8                     sfr8         00000
__Hsfr9                     sfr9         00000
__Hspace_0                  (abs)        08009
__Hspace_1                  (abs)        0007E
__Hspace_2                  (abs)        00000
__Hspace_3                  (abs)        00000
__Hstack                    stack        00000
__Hstrings                  strings      00000
__Hstringtext               stringtext   00000
__Htext                     text         00000
__Labs1                     abs1         00000
__Lbank0                    bank0        00000
__Lbank1                    bank1        00000
__Lbank10                   bank10       00000
__Lbank11                   bank11       00000
__Lbank12                   bank12       00000
__Lbank13                   bank13       00000
__Lbank14                   bank14       00000
__Lbank15                   bank15       00000
__Lbank16                   bank16       00000
__Lbank17                   bank17       00000
__Lbank18                   bank18       00000
__Lbank19                   bank19       00000
__Lbank2                    bank2        00000
__Lbank20                   bank20       00000
__Lbank21                   bank21       00000
__Lbank22                   bank22       00000
__Lbank23                   bank23       00000
__Lbank24                   bank24       00000
__Lbank25                   bank25       00000
__Lbank26                   bank26       00000
__Lbank27                   bank27       00000
__Lbank28                   bank28       00000
__Lbank29                   bank29       00000
__Lbank3                    bank3        00000
__Lbank30                   bank30       00000
__Lbank31                   bank31       00000
__Lbank4                    bank4        00000
__Lbank5                    bank5        00000
__Lbank6                    bank6        00000
__Lbank7                    bank7        00000
__Lbank8                    bank8        00000
__Lbank9                    bank9        00000
__Lbigram                   bigram       00000
__LbssBANK0                 bssBANK0     00000
__Lcinit                    cinit        007F9
__Lclrtext                  clrtext      00000
__Lcode                     code         00000
__Lcommon                   common       00000
__Lconfig                   config       08007
__LcstackBANK0              cstackBANK0  00000
__LcstackCOMMON             cstackCOMMON 00000
__Leeprom_data              eeprom_data  00000
__Lend_init                 end_init     00002
__Lfunctab                  functab      00000
__Lidloc                    idloc        00000
__Linit                     init         00002
__Lintentry                 intentry     00002
__Lmaintext                 maintext     00000
__Lpowerup                  powerup      00000
__Lram                      ram          00000
__Lreset_vec                reset_vec    00000
__Lsfr0                     sfr0         00000
__Lsfr1                     sfr1         00000
__Lsfr10                    sfr10        00000
__Lsfr11                    sfr11        00000
__Lsfr12                    sfr12        00000
__Lsfr13                    sfr13        00000
__Lsfr14                    sfr14        00000
__Lsfr15                    sfr15        00000
__Lsfr16                    sfr16        00000
__Lsfr17                    sfr17        00000
__Lsfr18                    sfr18        00000
__Lsfr19                    sfr19        00000
__Lsfr2                     sfr2         00000
__Lsfr20                    sfr20        00000
__Lsfr21                    sfr21        00000
__Lsfr22                    sfr22        00000
__Lsfr23                    sfr23        00000
__Lsfr24                    sfr24        00000
__Lsfr25                    sfr25        00000
__Lsfr26                    sfr26        00000
__Lsfr27                    sfr27        00000
__Lsfr28                    sfr28        00000
__Lsfr29                    sfr29        00000
__Lsfr3                     sfr3         00000
__Lsfr30                    sfr30        00000
__Lsfr31                    sfr31        00000
__Lsfr4                     sfr4         00000
__Lsfr5                     sfr5         00000
__Lsfr6                     sfr6         00000
__Lsfr7                     sfr7         00000
__Lsfr8                     sfr8         00000
__Lsfr9                     sfr9         00000
__Lspace_0                  (abs)        00000
__Lspace_1                  (abs)        00000
__Lspace_2                  (abs)        00000
__Lspace_3                  (abs)        00000
__Lstack                    stack        00000
__Lstrings                  strings      00000
__Lstringtext               stringtext   00000
__Ltext                     text         00000
__S0                        (abs)        08009
__S1                        (abs)        0007E
__S2                        (abs)        00000
___ftdiv                    text28       004DA
___ftdiv@cntr               cstackBANK0  0002A
___ftdiv@exp                cstackBANK0  0002E
___ftdiv@f1                 cstackBANK0  00023
___ftdiv@f2                 cstackBANK0  00020
___ftdiv@f3                 cstackBANK0  0002B
___ftdiv@sign               cstackBANK0  0002F
___ftmul                    text27       00583
___ftmul@cntr               cstackBANK0  00028
___ftmul@exp                cstackBANK0  00024
___ftmul@f1                 cstackCOMMON 00078
___ftmul@f2                 cstackCOMMON 0007B
___ftmul@f3_as_product      cstackBANK0  00025
___ftmul@sign               cstackBANK0  00029
___ftpack                   text29       003F0
___ftpack@arg               cstackCOMMON 00070
___ftpack@exp               cstackCOMMON 00073
___ftpack@sign              cstackCOMMON 00074
___fttol                    text26       00454
___fttol@exp1               cstackCOMMON 0007D
___fttol@f1                 cstackCOMMON 00070
___fttol@lval               cstackCOMMON 00079
___fttol@sign1              cstackCOMMON 00078
___int_sp                   stack        00000
___latbits                  (abs)        00001
___lwdiv                    text5        00317
___lwdiv@counter            cstackCOMMON 00077
___lwdiv@dividend           cstackCOMMON 00072
___lwdiv@divisor            cstackCOMMON 00070
___lwdiv@quotient           cstackCOMMON 00075
___lwmod                    text4        002EB
___lwmod@counter            cstackCOMMON 00075
___lwmod@dividend           cstackCOMMON 00072
___lwmod@divisor            cstackCOMMON 00070
___lwtoft                   text25       0022F
___lwtoft@c                 cstackCOMMON 00078
___sp                       stack        00000
__end_of_CalcHumid          text24       0038E
__end_of_CalcTemp           text23       00192
__end_of_CommandB1          stringtext   00801
__end_of_CommandB2          stringtext   00802
__end_of_GetReading         text10       006FA
__end_of_I2C_ACK            text22       001AF
__end_of_I2C_Cmd            text17       0029D
__end_of_I2C_Control_Read   text16       0020E
__end_of_I2C_Control_Write  text21       001FE
__end_of_I2C_Init           text9        00198
__end_of_I2C_NAK            text15       001DF
__end_of_I2C_Start_Bit      text20       001EE
__end_of_I2C_Stop_Bit       text19       001D1
__end_of_I2C_check_idle     text14       0021E
__end_of_I2C_restart        text13       001A6
__end_of_RX_I2C_Data        text12       001C4
__end_of_Send_I2C_Data      text18       001B8
__end_of_UART_String        text7        0027A
__end_of___ftdiv            text28       00583
__end_of___ftmul            text27       00636
__end_of___ftpack           text29       00454
__end_of___fttol            text26       004DA
__end_of___lwdiv            text5        0034B
__end_of___lwmod            text4        00317
__end_of___lwtoft           text25       00242
__end_of__initialization    cinit        007FD
__end_of_doCRC              text11       002EB
__end_of_init_io            text6        0025A
__end_of_itoa               text2        002C1
__end_of_main               maintext     007F9
__end_of_serial_init        text1        0022F
__end_of_uart_xmit          text8        0019E
__end_of_utoa               text3        003F0
__initialization            cinit        007F9
__pbssBANK0                 bssBANK0     00050
__pcstackBANK0              cstackBANK0  00020
__pcstackCOMMON             cstackCOMMON 00070
__pmaintext                 maintext     006FA
__pstringtext               stringtext   00800
__ptext1                    text1        0021E
__ptext10                   text10       00636
__ptext11                   text11       002C1
__ptext12                   text12       001B8
__ptext13                   text13       0019E
__ptext14                   text14       0020E
__ptext15                   text15       001D1
__ptext16                   text16       001FE
__ptext17                   text17       0027A
__ptext18                   text18       001AF
__ptext19                   text19       001C4
__ptext2                    text2        0029D
__ptext20                   text20       001DF
__ptext21                   text21       001EE
__ptext22                   text22       001A6
__ptext23                   text23       00191
__ptext24                   text24       0034B
__ptext25                   text25       0022F
__ptext26                   text26       00454
__ptext27                   text27       00583
__ptext28                   text28       004DA
__ptext29                   text29       003F0
__ptext3                    text3        0038E
__ptext4                    text4        002EB
__ptext5                    text5        00317
__ptext6                    text6        00242
__ptext7                    text7        0025A
__ptext8                    text8        00198
__ptext9                    text9        00192
__size_of_CalcHumid         (abs)        00000
__size_of_CalcTemp          (abs)        00000
__size_of_GetReading        (abs)        00000
__size_of_I2C_ACK           (abs)        00000
__size_of_I2C_Cmd           (abs)        00000
__size_of_I2C_Control_Read  (abs)        00000
__size_of_I2C_Control_Write (abs)        00000
__size_of_I2C_Init          (abs)        00000
__size_of_I2C_NAK           (abs)        00000
__size_of_I2C_Start_Bit     (abs)        00000
__size_of_I2C_Stop_Bit      (abs)        00000
__size_of_I2C_check_idle    (abs)        00000
__size_of_I2C_restart       (abs)        00000
__size_of_RX_I2C_Data       (abs)        00000
__size_of_Send_I2C_Data     (abs)        00000
__size_of_UART_String       (abs)        00000
__size_of___ftdiv           (abs)        00000
__size_of___ftmul           (abs)        00000
__size_of___ftpack          (abs)        00000
__size_of___fttol           (abs)        00000
__size_of___lwdiv           (abs)        00000
__size_of___lwmod           (abs)        00000
__size_of___lwtoft          (abs)        00000
__size_of_doCRC             (abs)        00000
__size_of_init_io           (abs)        00000
__size_of_itoa              (abs)        00000
__size_of_main              (abs)        00000
__size_of_serial_init       (abs)        00000
__size_of_uart_xmit         (abs)        00000
__size_of_utoa              (abs)        00000
_doCRC                      text11       002C1
_i                          bssBANK0     00052
_init_io                    text6        00242
_itoa                       text2        0029D
_main                       maintext     006FA
_serial_init                text1        0021E
_uart_xmit                  text8        00198
_utoa                       text3        0038E
btemp                       (abs)        0007E
doCRC@b7                    cstackCOMMON 00073
doCRC@ch                    cstackCOMMON 00072
doCRC@crc                   cstackCOMMON 00070
doCRC@ix                    cstackCOMMON 00074
end_of_initialization       cinit        007FD
intlevel0                   functab      00000
intlevel1                   functab      00000
intlevel2                   functab      00000
intlevel3                   functab      00000
intlevel4                   functab      00000
intlevel5                   functab      00000
itoa@base                   cstackBANK0  00037
itoa@buf                    cstackBANK0  0003B
itoa@cp                     cstackBANK0  0003A
itoa@val                    cstackBANK0  00035
ltemp                       (abs)        0007E
ltemp0                      (abs)        0007E
ltemp1                      (abs)        00082
ltemp2                      (abs)        00086
ltemp3                      (abs)        00080
main@buf                    cstackBANK0  0003F
main@received               cstackBANK0  00048
reset_vec                   reset_vec    00000
stackhi                     (abs)        020EF
stacklo                     (abs)        02034
start                       init         00002
start_initialization        cinit        007F9
ttemp                       (abs)        0007E
ttemp0                      (abs)        0007E
ttemp1                      (abs)        00081
ttemp2                      (abs)        00084
ttemp3                      (abs)        00087
ttemp4                      (abs)        0007F
uart_xmit@mydata_byte       cstackCOMMON 00070
utoa@base                   cstackCOMMON 0007A
utoa@buf                    cstackBANK0  00023
utoa@c                      cstackBANK0  00022
utoa@v                      cstackBANK0  00020
utoa@val                    cstackCOMMON 00078
wtemp                       (abs)        0007E
wtemp0                      (abs)        0007E
wtemp1                      (abs)        00080
wtemp2                      (abs)        00082
wtemp3                      (abs)        00084
wtemp4                      (abs)        00086
wtemp5                      (abs)        00088
wtemp6                      (abs)        0007F


FUNCTION INFORMATION:

 *************** function _main *****************
 Defined at:
		line 222 in file "main.c"
 Parameters:    Size  Location     Type
		None
 Auto vars:     Size  Location     Type
  buf             9   31[BANK0 ] unsigned char [9]
  received        8   40[BANK0 ] struct sht_return
  gah             2    0        unsigned int 
 Return value:  Size  Location     Type
                  2   96[None  ] int 
 Registers used:
		wreg, fsr0l, fsr0h, fsr1l, fsr1h, status,2, status,0, pclath, cstack
 Tracked objects:
		On entry : 
		On exit  : 
		Unchanged: 
 Data sizes:     COMMON   BANK0   BANK1   BANK2
      Params:         0       0       0       0
      Locals:         0      17       0       0
      Temps:          0       3       0       0
      Totals:         0      20       0       0
Total ram usage:       20 bytes
 Hardware stack levels required when called:    3
 This function calls:
		_CalcHumid
		_CalcTemp
		_GetReading
		_I2C_Init
		_UART_String
		_init_io
		_itoa
		_serial_init
		_uart_xmit
 This function is called by:
		Startup code after reset
 This function uses a non-reentrant model


 *************** function _serial_init *****************
 Defined at:
		line 94 in file "main.c"
 Parameters:    Size  Location     Type
		None
 Auto vars:     Size  Location     Type
		None
 Return value:  Size  Location     Type
		None               void
 Registers used:
		wreg, status,2
 Tracked objects:
		On entry : 
		On exit  : 
		Unchanged: 
 Data sizes:     COMMON   BANK0   BANK1   BANK2
      Params:         0       0       0       0
      Locals:         0       0       0       0
      Temps:          0       0       0       0
      Totals:         0       0       0       0
Total ram usage:        0 bytes
 Hardware stack levels used:    1
 This function calls:
		Nothing
 This function is called by:
		_main
 This function uses a non-reentrant model


 *************** function _itoa *****************
 Defined at:
		line 4 in file "/opt/microchip/xc8/v1.35/sources/common/itoa.c"
 Parameters:    Size  Location     Type
  buf             1    wreg     PTR unsigned char 
		 -> main@buf(9), 
  val             2   21[BANK0 ] int 
  base            2   23[BANK0 ] int 
 Auto vars:     Size  Location     Type
  buf             1   27[BANK0 ] PTR unsigned char 
		 -> main@buf(9), 
  cp              1   26[BANK0 ] PTR unsigned char 
		 -> main@buf(9), 
 Return value:  Size  Location     Type
                  1    wreg      PTR unsigned char 
 Registers used:
		wreg, fsr1l, fsr1h, status,2, status,0, pclath, cstack
 Tracked objects:
		On entry : 
		On exit  : 
		Unchanged: 
 Data sizes:     COMMON   BANK0   BANK1   BANK2
      Params:         0       4       0       0
      Locals:         0       2       0       0
      Temps:          0       1       0       0
      Totals:         0       7       0       0
Total ram usage:        7 bytes
 Hardware stack levels used:    1
 Hardware stack levels required when called:    2
 This function calls:
		_utoa
 This function is called by:
		_main
 This function uses a non-reentrant model


 *************** function _utoa *****************
 Defined at:
		line 17 in file "/opt/microchip/xc8/v1.35/sources/common/itoa.c"
 Parameters:    Size  Location     Type
  buf             1    wreg     PTR unsigned char 
		 -> main@buf(9), 
  val             2    8[COMMON] unsigned int 
  base            2   10[COMMON] int 
 Auto vars:     Size  Location     Type
  buf             1    3[BANK0 ] PTR unsigned char 
		 -> main@buf(9), 
  v               2    0[BANK0 ] unsigned int 
  c               1    2[BANK0 ] unsigned char 
 Return value:  Size  Location     Type
                  1    wreg      PTR unsigned char 
 Registers used:
		wreg, fsr1l, fsr1h, status,2, status,0, pclath, cstack
 Tracked objects:
		On entry : 
		On exit  : 
		Unchanged: 
 Data sizes:     COMMON   BANK0   BANK1   BANK2
      Params:         4       0       0       0
      Locals:         0       4       0       0
      Temps:          1       0       0       0
      Totals:         5       4       0       0
Total ram usage:        9 bytes
 Hardware stack levels used:    1
 Hardware stack levels required when called:    1
 This function calls:
		___lwdiv
		___lwmod
 This function is called by:
		_itoa
 This function uses a non-reentrant model


 *************** function ___lwmod *****************
 Defined at:
		line 6 in file "/opt/microchip/xc8/v1.35/sources/common/lwmod.c"
 Parameters:    Size  Location     Type
  divisor         2    0[COMMON] unsigned int 
  dividend        2    2[COMMON] unsigned int 
 Auto vars:     Size  Location     Type
  counter         1    5[COMMON] unsigned char 
 Return value:  Size  Location     Type
                  2    0[COMMON] unsigned int 
 Registers used:
		wreg, status,2, status,0
 Tracked objects:
		On entry : 
		On exit  : 
		Unchanged: 
 Data sizes:     COMMON   BANK0   BANK1   BANK2
      Params:         4       0       0       0
      Locals:         1       0       0       0
      Temps:          1       0       0       0
      Totals:         6       0       0       0
Total ram usage:        6 bytes
 Hardware stack levels used:    1
 This function calls:
		Nothing
 This function is called by:
		_utoa
 This function uses a non-reentrant model


 *************** function ___lwdiv *****************
 Defined at:
		line 6 in file "/opt/microchip/xc8/v1.35/sources/common/lwdiv.c"
 Parameters:    Size  Location     Type
  divisor         2    0[COMMON] unsigned int 
  dividend        2    2[COMMON] unsigned int 
 Auto vars:     Size  Location     Type
  quotient        2    5[COMMON] unsigned int 
  counter         1    7[COMMON] unsigned char 
 Return value:  Size  Location     Type
                  2    0[COMMON] unsigned int 
 Registers used:
		wreg, status,2, status,0
 Tracked objects:
		On entry : 
		On exit  : 
		Unchanged: 
 Data sizes:     COMMON   BANK0   BANK1   BANK2
      Params:         4       0       0       0
      Locals:         3       0       0       0
      Temps:          1       0       0       0
      Totals:         8       0       0       0
Total ram usage:        8 bytes
 Hardware stack levels used:    1
 This function calls:
		Nothing
 This function is called by:
		_utoa
 This function uses a non-reentrant model


 *************** function _init_io *****************
 Defined at:
		line 60 in file "main.c"
 Parameters:    Size  Location     Type
		None
 Auto vars:     Size  Location     Type
		None
 Return value:  Size  Location     Type
		None               void
 Registers used:
		status,2
 Tracked objects:
		On entry : 
		On exit  : 
		Unchanged: 
 Data sizes:     COMMON   BANK0   BANK1   BANK2
      Params:         0       0       0       0
      Locals:         0       0       0       0
      Temps:          0       0       0       0
      Totals:         0       0       0       0
Total ram usage:        0 bytes
 Hardware stack levels used:    1
 This function calls:
		Nothing
 This function is called by:
		_main
 This function uses a non-reentrant model


 *************** function _UART_String *****************
 Defined at:
		line 215 in file "main.c"
 Parameters:    Size  Location     Type
  letters         2    2[COMMON] PTR unsigned char 
		 -> STR_4(6), STR_3(9), STR_2(11), main@buf(9), 
		 -> STR_1(14), 
 Auto vars:     Size  Location     Type
  i               2    6[COMMON] int 
 Return value:  Size  Location     Type
		None               void
 Registers used:
		wreg, fsr0l, fsr0h, status,2, status,0, pclath, cstack
 Tracked objects:
		On entry : 
		On exit  : 
		Unchanged: 
 Data sizes:     COMMON   BANK0   BANK1   BANK2
      Params:         2       0       0       0
      Locals:         2       0       0       0
      Temps:          2       0       0       0
      Totals:         6       0       0       0
Total ram usage:        6 bytes
 Hardware stack levels used:    1
 Hardware stack levels required when called:    1
 This function calls:
		_uart_xmit
 This function is called by:
		_main
 This function uses a non-reentrant model


 *************** function _uart_xmit *****************
 Defined at:
		line 89 in file "main.c"
 Parameters:    Size  Location     Type
  mydata_byte     2    0[COMMON] unsigned int 
 Auto vars:     Size  Location     Type
		None
 Return value:  Size  Location     Type
		None               void
 Registers used:
		wreg
 Tracked objects:
		On entry : 
		On exit  : 
		Unchanged: 
 Data sizes:     COMMON   BANK0   BANK1   BANK2
      Params:         2       0       0       0
      Locals:         0       0       0       0
      Temps:          0       0       0       0
      Totals:         2       0       0       0
Total ram usage:        2 bytes
 Hardware stack levels used:    1
 This function calls:
		Nothing
 This function is called by:
		_UART_String
		_main
 This function uses a non-reentrant model


 *************** function _I2C_Init *****************
 Defined at:
		line 6 in file "i2c.c"
 Parameters:    Size  Location     Type
		None
 Auto vars:     Size  Location     Type
		None
 Return value:  Size  Location     Type
		None               void
 Registers used:
		None
 Tracked objects:
		On entry : 
		On exit  : 
		Unchanged: 
 Data sizes:     COMMON   BANK0   BANK1   BANK2
      Params:         0       0       0       0
      Locals:         0       0       0       0
      Temps:          0       0       0       0
      Totals:         0       0       0       0
Total ram usage:        0 bytes
 Hardware stack levels used:    1
 This function calls:
		Nothing
 This function is called by:
		_main
 This function uses a non-reentrant model


 *************** function _GetReading *****************
 Defined at:
		line 160 in file "main.c"
 Parameters:    Size  Location     Type
		None
 Auto vars:     Size  Location     Type
  local           8    8[BANK0 ] struct sht_return
  crc_gen         1    7[BANK0 ] unsigned char 
  bl              1    6[BANK0 ] unsigned char 
  bh              1    5[BANK0 ] unsigned char 
 Return value:  Size  Location     Type
                  8    6[COMMON] struct sht_return
 Registers used:
		wreg, fsr0l, fsr0h, fsr1l, fsr1h, status,2, status,0, pclath, cstack
 Tracked objects:
		On entry : 
		On exit  : 
		Unchanged: 
 Data sizes:     COMMON   BANK0   BANK1   BANK2
      Params:         8       0       0       0
      Locals:         0      11       0       0
      Temps:          0       5       0       0
      Totals:         8      16       0       0
Total ram usage:       24 bytes
 Hardware stack levels used:    1
 Hardware stack levels required when called:    2
 This function calls:
		_I2C_ACK
		_I2C_Cmd
		_I2C_Control_Read
		_I2C_NAK
		_I2C_Stop_Bit
		_I2C_restart
		_RX_I2C_Data
		_doCRC
 This function is called by:
		_main
 This function uses a non-reentrant model


 *************** function _doCRC *****************
 Defined at:
		line 3 in file "sht3x.c"
 Parameters:    Size  Location     Type
  ch              1    wreg     unsigned char 
  crc             1    0[COMMON] PTR unsigned char 
		 -> GetReading@crc_gen(1), GetStatus@crc_gen(1), 
 Auto vars:     Size  Location     Type
  ch              1    2[COMMON] unsigned char 
  ix              2    4[COMMON] int 
  b7              1    3[COMMON] unsigned char 
 Return value:  Size  Location     Type
		None               void
 Registers used:
		wreg, fsr1l, fsr1h, status,2, status,0
 Tracked objects:
		On entry : 
		On exit  : 
		Unchanged: 
 Data sizes:     COMMON   BANK0   BANK1   BANK2
      Params:         1       0       0       0
      Locals:         4       0       0       0
      Temps:          1       0       0       0
      Totals:         6       0       0       0
Total ram usage:        6 bytes
 Hardware stack levels used:    1
 This function calls:
		Nothing
 This function is called by:
		_GetReading
		_GetStatus
 This function uses a non-reentrant model


 *************** function _RX_I2C_Data *****************
 Defined at:
		line 30 in file "i2c.c"
 Parameters:    Size  Location     Type
		None
 Auto vars:     Size  Location     Type
  byt             1    1[COMMON] unsigned char 
 Return value:  Size  Location     Type
                  1    wreg      unsigned char 
 Registers used:
		wreg
 Tracked objects:
		On entry : 
		On exit  : 
		Unchanged: 
 Data sizes:     COMMON   BANK0   BANK1   BANK2
      Params:         0       0       0       0
      Locals:         1       0       0       0
      Temps:          1       0       0       0
      Totals:         2       0       0       0
Total ram usage:        2 bytes
 Hardware stack levels used:    1
 This function calls:
		Nothing
 This function is called by:
		_GetReading
		_GetStatus
 This function uses a non-reentrant model


 *************** function _I2C_restart *****************
 Defined at:
		line 91 in file "i2c.c"
 Parameters:    Size  Location     Type
		None
 Auto vars:     Size  Location     Type
		None
 Return value:  Size  Location     Type
		None               void
 Registers used:
		wreg, status,2, status,0, pclath, cstack
 Tracked objects:
		On entry : 
		On exit  : 
		Unchanged: 
 Data sizes:     COMMON   BANK0   BANK1   BANK2
      Params:         0       0       0       0
      Locals:         0       0       0       0
      Temps:          0       0       0       0
      Totals:         0       0       0       0
Total ram usage:        0 bytes
 Hardware stack levels used:    1
 Hardware stack levels required when called:    1
 This function calls:
		_I2C_check_idle
 This function is called by:
		_GetReading
		_GetStatus
 This function uses a non-reentrant model


 *************** function _I2C_check_idle *****************
 Defined at:
		line 77 in file "i2c.c"
 Parameters:    Size  Location     Type
		None
 Auto vars:     Size  Location     Type
  byte2           1    2[COMMON] unsigned char 
  byte1           1    1[COMMON] unsigned char 
 Return value:  Size  Location     Type
		None               void
 Registers used:
		wreg, status,2, status,0
 Tracked objects:
		On entry : 
		On exit  : 
		Unchanged: 
 Data sizes:     COMMON   BANK0   BANK1   BANK2
      Params:         0       0       0       0
      Locals:         2       0       0       0
      Temps:          1       0       0       0
      Totals:         3       0       0       0
Total ram usage:        3 bytes
 Hardware stack levels used:    1
 This function calls:
		Nothing
 This function is called by:
		_I2C_restart
 This function uses a non-reentrant model


 *************** function _I2C_NAK *****************
 Defined at:
		line 109 in file "i2c.c"
 Parameters:    Size  Location     Type
		None
 Auto vars:     Size  Location     Type
		None
 Return value:  Size  Location     Type
		None               void
 Registers used:
		wreg
 Tracked objects:
		On entry : 
		On exit  : 
		Unchanged: 
 Data sizes:     COMMON   BANK0   BANK1   BANK2
      Params:         0       0       0       0
      Locals:         0       0       0       0
      Temps:          0       0       0       0
      Totals:         0       0       0       0
Total ram usage:        0 bytes
 Hardware stack levels used:    1
 This function calls:
		Nothing
 This function is called by:
		_GetReading
		_GetStatus
 This function uses a non-reentrant model


 *************** function _I2C_Control_Read *****************
 Defined at:
		line 53 in file "i2c.c"
 Parameters:    Size  Location     Type
		None
 Auto vars:     Size  Location     Type
		None
 Return value:  Size  Location     Type
		None               void
 Registers used:
		wreg
 Tracked objects:
		On entry : 
		On exit  : 
		Unchanged: 
 Data sizes:     COMMON   BANK0   BANK1   BANK2
      Params:         0       0       0       0
      Locals:         0       0       0       0
      Temps:          0       0       0       0
      Totals:         0       0       0       0
Total ram usage:        0 bytes
 Hardware stack levels used:    1
 This function calls:
		Nothing
 This function is called by:
		_GetReading
		_GetStatus
 This function uses a non-reentrant model


 *************** function _I2C_Cmd *****************
 Defined at:
		line 120 in file "i2c.c"
 Parameters:    Size  Location     Type
  b1              1    wreg     unsigned char 
  b2              1    2[COMMON] unsigned char 
 Auto vars:     Size  Location     Type
  b1              1    5[COMMON] unsigned char 
 Return value:  Size  Location     Type
		None               void
 Registers used:
		wreg, status,2, status,0, pclath, cstack
 Tracked objects:
		On entry : 
		On exit  : 
		Unchanged: 
 Data sizes:     COMMON   BANK0   BANK1   BANK2
      Params:         1       0       0       0
      Locals:         1       0       0       0
      Temps:          2       0       0       0
      Totals:         4       0       0       0
Total ram usage:        4 bytes
 Hardware stack levels used:    1
 Hardware stack levels required when called:    1
 This function calls:
		_I2C_Control_Write
		_I2C_Start_Bit
		_I2C_Stop_Bit
		_Send_I2C_Data
 This function is called by:
		_GetReading
		_GetStatus
 This function uses a non-reentrant model


 *************** function _Send_I2C_Data *****************
 Defined at:
		line 23 in file "i2c.c"
 Parameters:    Size  Location     Type
  databyte        2    0[COMMON] unsigned int 
 Auto vars:     Size  Location     Type
		None
 Return value:  Size  Location     Type
		None               void
 Registers used:
		wreg
 Tracked objects:
		On entry : 
		On exit  : 
		Unchanged: 
 Data sizes:     COMMON   BANK0   BANK1   BANK2
      Params:         2       0       0       0
      Locals:         0       0       0       0
      Temps:          0       0       0       0
      Totals:         2       0       0       0
Total ram usage:        2 bytes
 Hardware stack levels used:    1
 This function calls:
		Nothing
 This function is called by:
		_I2C_Cmd
 This function uses a non-reentrant model


 *************** function _I2C_Stop_Bit *****************
 Defined at:
		line 98 in file "i2c.c"
 Parameters:    Size  Location     Type
		None
 Auto vars:     Size  Location     Type
		None
 Return value:  Size  Location     Type
		None               void
 Registers used:
		wreg
 Tracked objects:
		On entry : 
		On exit  : 
		Unchanged: 
 Data sizes:     COMMON   BANK0   BANK1   BANK2
      Params:         0       0       0       0
      Locals:         0       0       0       0
      Temps:          0       0       0       0
      Totals:         0       0       0       0
Total ram usage:        0 bytes
 Hardware stack levels used:    1
 This function calls:
		Nothing
 This function is called by:
		_GetReading
		_I2C_Cmd
		_GetStatus
 This function uses a non-reentrant model


 *************** function _I2C_Start_Bit *****************
 Defined at:
		line 66 in file "i2c.c"
 Parameters:    Size  Location     Type
		None
 Auto vars:     Size  Location     Type
		None
 Return value:  Size  Location     Type
		None               void
 Registers used:
		wreg
 Tracked objects:
		On entry : 
		On exit  : 
		Unchanged: 
 Data sizes:     COMMON   BANK0   BANK1   BANK2
      Params:         0       0       0       0
      Locals:         0       0       0       0
      Temps:          0       0       0       0
      Totals:         0       0       0       0
Total ram usage:        0 bytes
 Hardware stack levels used:    1
 This function calls:
		Nothing
 This function is called by:
		_I2C_Cmd
 This function uses a non-reentrant model


 *************** function _I2C_Control_Write *****************
 Defined at:
		line 40 in file "i2c.c"
 Parameters:    Size  Location     Type
		None
 Auto vars:     Size  Location     Type
		None
 Return value:  Size  Location     Type
		None               void
 Registers used:
		wreg
 Tracked objects:
		On entry : 
		On exit  : 
		Unchanged: 
 Data sizes:     COMMON   BANK0   BANK1   BANK2
      Params:         0       0       0       0
      Locals:         0       0       0       0
      Temps:          0       0       0       0
      Totals:         0       0       0       0
Total ram usage:        0 bytes
 Hardware stack levels used:    1
 This function calls:
		Nothing
 This function is called by:
		_I2C_Cmd
 This function uses a non-reentrant model


 *************** function _I2C_ACK *****************
 Defined at:
		line 15 in file "i2c.c"
 Parameters:    Size  Location     Type
		None
 Auto vars:     Size  Location     Type
		None
 Return value:  Size  Location     Type
		None               void
 Registers used:
		None
 Tracked objects:
		On entry : 
		On exit  : 
		Unchanged: 
 Data sizes:     COMMON   BANK0   BANK1   BANK2
      Params:         0       0       0       0
      Locals:         0       0       0       0
      Temps:          0       0       0       0
      Totals:         0       0       0       0
Total ram usage:        0 bytes
 Hardware stack levels used:    1
 This function calls:
		Nothing
 This function is called by:
		_GetReading
		_GetStatus
 This function uses a non-reentrant model


 *************** function _CalcTemp *****************
 Defined at:
		line 19 in file "sht3x.c"
 Parameters:    Size  Location     Type
  rcv_val         2    0[COMMON] unsigned int 
 Auto vars:     Size  Location     Type
		None
 Return value:  Size  Location     Type
                  2    0[COMMON] int 
 Registers used:
		None
 Tracked objects:
		On entry : 
		On exit  : 
		Unchanged: 
 Data sizes:     COMMON   BANK0   BANK1   BANK2
      Params:         2       0       0       0
      Locals:         0       0       0       0
      Temps:          0       0       0       0
      Totals:         2       0       0       0
Total ram usage:        2 bytes
 Hardware stack levels used:    1
 This function calls:
		Nothing
 This function is called by:
		_main
 This function uses a non-reentrant model


 *************** function _CalcHumid *****************
 Defined at:
		line 24 in file "sht3x.c"
 Parameters:    Size  Location     Type
  rcv_val         2   16[BANK0 ] unsigned int 
 Auto vars:     Size  Location     Type
  ans             3   18[BANK0 ] float 
 Return value:  Size  Location     Type
                  2   16[BANK0 ] int 
 Registers used:
		wreg, status,2, status,0, pclath, cstack
 Tracked objects:
		On entry : 
		On exit  : 
		Unchanged: 
 Data sizes:     COMMON   BANK0   BANK1   BANK2
      Params:         0       2       0       0
      Locals:         0       3       0       0
      Temps:          0       0       0       0
      Totals:         0       5       0       0
Total ram usage:        5 bytes
 Hardware stack levels used:    1
 Hardware stack levels required when called:    2
 This function calls:
		___ftdiv
		___ftmul
		___fttol
		___lwtoft
 This function is called by:
		_main
 This function uses a non-reentrant model


 *************** function ___lwtoft *****************
 Defined at:
		line 28 in file "/opt/microchip/xc8/v1.35/sources/common/lwtoft.c"
 Parameters:    Size  Location     Type
  c               2    8[COMMON] unsigned int 
 Auto vars:     Size  Location     Type
		None
 Return value:  Size  Location     Type
                  3    8[COMMON] float 
 Registers used:
		wreg, status,2, status,0, pclath, cstack
 Tracked objects:
		On entry : 
		On exit  : 
		Unchanged: 
 Data sizes:     COMMON   BANK0   BANK1   BANK2
      Params:         3       0       0       0
      Locals:         0       0       0       0
      Temps:          1       0       0       0
      Totals:         4       0       0       0
Total ram usage:        4 bytes
 Hardware stack levels used:    1
 Hardware stack levels required when called:    1
 This function calls:
		___ftpack
 This function is called by:
		_CalcHumid
 This function uses a non-reentrant model


 *************** function ___fttol *****************
 Defined at:
		line 44 in file "/opt/microchip/xc8/v1.35/sources/common/fttol.c"
 Parameters:    Size  Location     Type
  f1              3    0[COMMON] float 
 Auto vars:     Size  Location     Type
  lval            4    9[COMMON] unsigned long 
  exp1            1   13[COMMON] unsigned char 
  sign1           1    8[COMMON] unsigned char 
 Return value:  Size  Location     Type
                  4    0[COMMON] long 
 Registers used:
		wreg, status,2, status,0
 Tracked objects:
		On entry : 
		On exit  : 
		Unchanged: 
 Data sizes:     COMMON   BANK0   BANK1   BANK2
      Params:         4       0       0       0
      Locals:         6       0       0       0
      Temps:          4       0       0       0
      Totals:        14       0       0       0
Total ram usage:       14 bytes
 Hardware stack levels used:    1
 This function calls:
		Nothing
 This function is called by:
		_CalcHumid
 This function uses a non-reentrant model


 *************** function ___ftmul *****************
 Defined at:
		line 62 in file "/opt/microchip/xc8/v1.35/sources/common/ftmul.c"
 Parameters:    Size  Location     Type
  f1              3    8[COMMON] float 
  f2              3   11[COMMON] float 
 Auto vars:     Size  Location     Type
  f3_as_produc    3    5[BANK0 ] unsigned um
  sign            1    9[BANK0 ] unsigned char 
  cntr            1    8[BANK0 ] unsigned char 
  exp             1    4[BANK0 ] unsigned char 
 Return value:  Size  Location     Type
                  3    8[COMMON] float 
 Registers used:
		wreg, status,2, status,0, pclath, cstack
 Tracked objects:
		On entry : 
		On exit  : 
		Unchanged: 
 Data sizes:     COMMON   BANK0   BANK1   BANK2
      Params:         6       0       0       0
      Locals:         0       6       0       0
      Temps:          0       4       0       0
      Totals:         6      10       0       0
Total ram usage:       16 bytes
 Hardware stack levels used:    1
 Hardware stack levels required when called:    1
 This function calls:
		___ftpack
 This function is called by:
		_CalcHumid
 This function uses a non-reentrant model


 *************** function ___ftdiv *****************
 Defined at:
		line 56 in file "/opt/microchip/xc8/v1.35/sources/common/ftdiv.c"
 Parameters:    Size  Location     Type
  f2              3    0[BANK0 ] float 
  f1              3    3[BANK0 ] float 
 Auto vars:     Size  Location     Type
  f3              3   11[BANK0 ] float 
  sign            1   15[BANK0 ] unsigned char 
  exp             1   14[BANK0 ] unsigned char 
  cntr            1   10[BANK0 ] unsigned char 
 Return value:  Size  Location     Type
                  3    0[BANK0 ] float 
 Registers used:
		wreg, status,2, status,0, pclath, cstack
 Tracked objects:
		On entry : 
		On exit  : 
		Unchanged: 
 Data sizes:     COMMON   BANK0   BANK1   BANK2
      Params:         0       6       0       0
      Locals:         0       6       0       0
      Temps:          0       4       0       0
      Totals:         0      16       0       0
Total ram usage:       16 bytes
 Hardware stack levels used:    1
 Hardware stack levels required when called:    1
 This function calls:
		___ftpack
 This function is called by:
		_CalcHumid
 This function uses a non-reentrant model


 *************** function ___ftpack *****************
 Defined at:
		line 62 in file "/opt/microchip/xc8/v1.35/sources/common/float.c"
 Parameters:    Size  Location     Type
  arg             3    0[COMMON] unsigned um
  exp             1    3[COMMON] unsigned char 
  sign            1    4[COMMON] unsigned char 
 Auto vars:     Size  Location     Type
		None
 Return value:  Size  Location     Type
                  3    0[COMMON] float 
 Registers used:
		wreg, status,2, status,0
 Tracked objects:
		On entry : 
		On exit  : 
		Unchanged: 
 Data sizes:     COMMON   BANK0   BANK1   BANK2
      Params:         5       0       0       0
      Locals:         0       0       0       0
      Temps:          3       0       0       0
      Totals:         8       0       0       0
Total ram usage:        8 bytes
 Hardware stack levels used:    1
 This function calls:
		Nothing
 This function is called by:
		___ftdiv
		___ftmul
		___lwtoft
 This function uses a non-reentrant model



MODULE INFORMATION

Module		Function		Class		Link	Load	Size
/opt/microchip/xc8/v1.35/sources/common/lwtoft.c
		___lwtoft      		CODE           	022F	0000	20

/opt/microchip/xc8/v1.35/sources/common/lwtoft.c estimated size: 20

/opt/microchip/xc8/v1.35/sources/common/fttol.c
		___fttol       		CODE           	0454	0000	135

/opt/microchip/xc8/v1.35/sources/common/fttol.c estimated size: 135

i2c.c
		_I2C_Start_Bit 		CODE           	01DF	0000	16
		_RX_I2C_Data   		CODE           	01B8	0000	13
		_I2C_NAK       		CODE           	01D1	0000	15
		_I2C_Control_Read		CODE           	01FE	0000	17
		_Send_I2C_Data 		CODE           	01AF	0000	10
		_I2C_restart   		CODE           	019E	0000	9
		_I2C_check_idle		CODE           	020E	0000	17
		_I2C_Stop_Bit  		CODE           	01C4	0000	14
		_I2C_Init      		CODE           	0192	0000	7
		_I2C_Control_Write		CODE           	01EE	0000	17
		_I2C_Cmd       		CODE           	027A	0000	36
		_I2C_ACK       		CODE           	01A6	0000	10

i2c.c estimated size: 181

/opt/microchip/xc8/v1.35/sources/common/float.c
		___ftpack      		CODE           	03F0	0000	101

/opt/microchip/xc8/v1.35/sources/common/float.c estimated size: 101

sht3x.c
		_CalcTemp      		CODE           	0191	0000	2
		_CalcHumid     		CODE           	034B	0000	68
		_doCRC         		CODE           	02C1	0000	43

sht3x.c estimated size: 113

/opt/microchip/xc8/v1.35/sources/common/lwmod.c
		___lwmod       		CODE           	02EB	0000	45

/opt/microchip/xc8/v1.35/sources/common/lwmod.c estimated size: 45

shared
		__initialization		CODE           	07F9	0000	5
		_CommandB1     		STRCODE        	0800	0000	2
		_CommandB2     		STRCODE        	0801	0000	2

shared estimated size: 9

/opt/microchip/xc8/v1.35/sources/common/ftmul.c
		___ftmul       		CODE           	0583	0000	180

/opt/microchip/xc8/v1.35/sources/common/ftmul.c estimated size: 180

/opt/microchip/xc8/v1.35/sources/common/ftdiv.c
		___ftdiv       		CODE           	04DA	0000	170

/opt/microchip/xc8/v1.35/sources/common/ftdiv.c estimated size: 170

/opt/microchip/xc8/v1.35/sources/common/itoa.c
		_itoa          		CODE           	029D	0000	37
		_utoa          		CODE           	038E	0000	99

/opt/microchip/xc8/v1.35/sources/common/itoa.c estimated size: 136

/opt/microchip/xc8/v1.35/sources/common/lwdiv.c
		___lwdiv       		CODE           	0317	0000	53

/opt/microchip/xc8/v1.35/sources/common/lwdiv.c estimated size: 53

main.c
		_main          		CODE           	06FA	0000	256
		_GetReading    		CODE           	0636	0000	197
		_serial_init   		CODE           	021E	0000	18
		_UART_String   		CODE           	025A	0000	33
		_init_io       		CODE           	0242	0000	25
		_uart_xmit     		CODE           	0198	0000	7

main.c estimated size: 536

